<?xml version="1.0" encoding="utf-8"?><testsuites><testsuite errors="0" failures="0" hostname="Daniels-MacBook-Pro.local" name="pytest" skipped="0" tests="30" time="4.490" timestamp="2020-05-09T21:59:40.167207"><testcase classname="tests.integration.test_bot.TestOdesliBot" name="test_sends_welcome_message[pyloop-/start]" time="0.039"></testcase><testcase classname="tests.integration.test_bot.TestOdesliBot" name="test_sends_welcome_message[pyloop-/help]" time="0.032"></testcase><testcase classname="tests.integration.test_bot.TestOdesliBot" name="test_replies_to_group_message[pyloop]" time="0.071"></testcase><testcase classname="tests.integration.test_bot.TestOdesliBot" name="test_replies_to_inline_query[pyloop]" time="0.042"></testcase><testcase classname="tests.integration.test_bot.TestOdesliBot" name="test_do_not_reply_to_inline_query_if_no_url[pyloop-no URL]" time="0.036"></testcase><testcase classname="tests.integration.test_bot.TestOdesliBot" name="test_do_not_reply_to_inline_query_if_no_url[pyloop-]" time="0.037"></testcase><testcase classname="tests.integration.test_bot.TestOdesliBot" name="test_do_not_reply_to_inline_query_if_api_errors[pyloop-400]" time="0.038"></testcase><testcase classname="tests.integration.test_bot.TestOdesliBot" name="test_do_not_reply_to_inline_query_if_api_errors[pyloop-500]" time="0.042"></testcase><testcase classname="tests.integration.test_bot.TestOdesliBot" name="test_returns_song_info_from_cache[pyloop]" time="0.041"></testcase><testcase classname="tests.integration.test_bot.TestOdesliBot" name="test_caches_song_info[pyloop]" time="0.045"></testcase><testcase classname="tests.integration.test_bot.TestOdesliBot" name="test_replies_to_private_message[pyloop]" time="0.042"></testcase><testcase classname="tests.integration.test_bot.TestOdesliBot" name="test_replies_to_private_for_single_url[pyloop]" time="0.041"></testcase><testcase classname="tests.integration.test_bot.TestOdesliBot" name="test_replies_if_some_urls_not_found[pyloop]" time="0.046"></testcase><testcase classname="tests.integration.test_bot.TestOdesliBot" name="test_replies_to_private_message_if_only_urls[pyloop]" time="0.048"></testcase><testcase classname="tests.integration.test_bot.TestOdesliBot" name="test_replies_to_private_message_for_single_urls[pyloop]" time="0.043"></testcase><testcase classname="tests.integration.test_bot.TestOdesliBot" name="test_skips_message_with_skip_mark[pyloop]" time="0.034"></testcase><testcase classname="tests.integration.test_bot.TestOdesliBot" name="test_logs_if_no_song_links_in_message[pyloop]" time="0.036"></testcase><testcase classname="tests.integration.test_bot.TestOdesliBot" name="test_logs_if_cannot_delete_message[pyloop]" time="0.043"></testcase><testcase classname="tests.integration.test_bot.TestOdesliBot" name="test_returns_original_url_if_one_song_404[pyloop]" time="0.044"></testcase><testcase classname="tests.integration.test_bot.TestOdesliBot" name="test_throttles_requests_if_429[pyloop]" time="1.058"></testcase><testcase classname="tests.integration.test_bot.TestOdesliBot" name="test_do_not_reply_if_api_errors_for_all_songs[pyloop-400]" time="0.041"></testcase><testcase classname="tests.integration.test_bot.TestOdesliBot" name="test_do_not_reply_if_api_errors_for_all_songs[pyloop-500]" time="0.044"></testcase><testcase classname="tests.integration.test_bot.TestOdesliBot" name="test_do_not_reply_if_validation_error[pyloop]" time="0.042"></testcase><testcase classname="tests.integration.test_bot.TestOdesliBot" name="test_retries_if_api_connection_error[pyloop]" time="1.040"></testcase><testcase classname="tests.integration.test_bot.TestOdesliBot" name="test_retries_if_telegram_connection_error[pyloop]" time="1.061"></testcase><testcase classname="tests.unit.test_bot.TestOdesliBot" name="test_extracts_urls[pyloop]" time="0.033"></testcase><testcase classname="tests.unit.test_bot.TestOdesliBot" name="test_merges_urls_for_same_song[pyloop]" time="0.033"></testcase><testcase classname="tests.unit.test_config.TestConfiguration" name="test_loads_config" time="0.001"></testcase><testcase classname="tests.unit.test_config.TestConfiguration" name="test_loads_config_with_dotenv_file" time="0.002"></testcase><testcase classname="tests.unit.test_config.TestConfiguration" name="test_does_not_override_in_test_mode" time="0.001"></testcase></testsuite></testsuites>